[INFO] Scanning for projects...
[INFO] 
[INFO] -----------------------< com.enki:us7ascii-jdbc >-----------------------
[INFO] Building us7ascii-jdbc 1.0
[INFO]   from pom.xml
[INFO] --------------------------------[ jar ]---------------------------------
[INFO] 
[INFO] --- resources:3.3.1:resources (default-resources) @ us7ascii-jdbc ---
[INFO] skip non existing resourceDirectory C:\Users\enki\Desktop\us7ascii\src\main\resources
[INFO] 
[INFO] --- compiler:3.13.0:compile (default-compile) @ us7ascii-jdbc ---
[INFO] Nothing to compile - all classes are up to date.
[INFO] 
[INFO] --- resources:3.3.1:testResources (default-testResources) @ us7ascii-jdbc ---
[INFO] skip non existing resourceDirectory C:\Users\enki\Desktop\us7ascii\src\test\resources
[INFO] 
[INFO] --- compiler:3.13.0:testCompile (default-testCompile) @ us7ascii-jdbc ---
[INFO] Nothing to compile - all classes are up to date.
[INFO] 
[INFO] --- surefire:3.2.5:test (default-test) @ us7ascii-jdbc ---
[INFO] Using auto detected provider org.apache.maven.surefire.junit4.JUnit4Provider
[INFO] 
[INFO] -------------------------------------------------------
[INFO]  T E S T S
[INFO] -------------------------------------------------------
[INFO] Running com.enki.jdbc.driver.Us7AsciiDriverTest
Connecting to database: jdbc:oracle:us7ascii:thin:@//localhost:1521/XE
Connection successful!
Executing query: SELECT * FROM kotest
--- Row ---
STR1: ??짹?1
STR2: ??짹?2
--- Row ---
STR1: 한글1
STR2: 한글2
[INFO] Tests run: 1, Failures: 0, Errors: 0, Skipped: 0, Time elapsed: 0.985 s -- in com.enki.jdbc.driver.Us7AsciiDriverTest
[INFO] 
[INFO] Results:
[INFO] 
[INFO] Tests run: 1, Failures: 0, Errors: 0, Skipped: 0
[INFO] 
[INFO] ------------------------------------------------------------------------
[INFO] BUILD SUCCESS
[INFO] ------------------------------------------------------------------------
[INFO] Total time:  2.141 s
[INFO] Finished at: 2025-12-03T13:29:14+09:00
[INFO] ------------------------------------------------------------------------
